d:\kolinsky\project\number-bitch\number-bitch\number-bitch\x64\debug\vc143.pdb
d:\kolinsky\project\number-bitch\number-bitch\number-bitch\x64\debug\vc143.idb
d:\kolinsky\project\number-bitch\number-bitch\number-bitch\x64\debug\number_bitch.obj
d:\kolinsky\project\number-bitch\number-bitch\number-bitch\x64\debug\main.obj
d:\kolinsky\project\number-bitch\number-bitch\number-bitch\x64\debug\tray.obj
d:\kolinsky\project\number-bitch\number-bitch\number-bitch\x64\debug\startup.obj
d:\kolinsky\project\number-bitch\number-bitch\x64\debug\number-bitch.exe
d:\kolinsky\project\number-bitch\number-bitch\x64\debug\number-bitch.pdb
d:\kolinsky\project\number-bitch\number-bitch\number-bitch\x64\debug\number-bitch.res
d:\kolinsky\project\number-bitch\number-bitch\number-bitch\x64\debug\number-bitch.ilk
d:\kolinsky\project\number-bitch\number-bitch\number-bitch\x64\debug\number-bitch.tlog\cl.command.1.tlog
d:\kolinsky\project\number-bitch\number-bitch\number-bitch\x64\debug\number-bitch.tlog\cl.items.tlog
d:\kolinsky\project\number-bitch\number-bitch\number-bitch\x64\debug\number-bitch.tlog\cl.read.1.tlog
d:\kolinsky\project\number-bitch\number-bitch\number-bitch\x64\debug\number-bitch.tlog\cl.write.1.tlog
d:\kolinsky\project\number-bitch\number-bitch\number-bitch\x64\debug\number-bitch.tlog\link.command.1.tlog
d:\kolinsky\project\number-bitch\number-bitch\number-bitch\x64\debug\number-bitch.tlog\link.read.1.tlog
d:\kolinsky\project\number-bitch\number-bitch\number-bitch\x64\debug\number-bitch.tlog\link.secondary.1.tlog
d:\kolinsky\project\number-bitch\number-bitch\number-bitch\x64\debug\number-bitch.tlog\link.write.1.tlog
d:\kolinsky\project\number-bitch\number-bitch\number-bitch\x64\debug\number-bitch.tlog\rc.command.1.tlog
d:\kolinsky\project\number-bitch\number-bitch\number-bitch\x64\debug\number-bitch.tlog\rc.read.1.tlog
d:\kolinsky\project\number-bitch\number-bitch\number-bitch\x64\debug\number-bitch.tlog\rc.write.1.tlog
